============================= test session starts =============================
platform win32 -- Python 3.14.3, pytest-9.1.0, pluggy-1.6.0 -- C:\Program Files\Python314\python.exe
cachedir: .pytest_cache
PySide6 6.11.1 -- Qt runtime 6.11.1 -- Qt compiled 6.11.1
rootdir: D:\github\IPTV-Scanner-Editor-Pro
plugins: anyio-4.12.1, qt-4.5.0
collecting ... collected 150 items

tests/test_mixins.py::TestServerMixin::test_auto_start_server_disabled PASSED [  0%]
tests/test_mixins.py::TestServerMixin::test_auto_start_server_enabled PASSED [  1%]
tests/test_mixins.py::TestServerMixin::test_auto_start_server_exception PASSED [  2%]
tests/test_mixins.py::TestServerMixin::test_toggle_server_running PASSED [  2%]
tests/test_mixins.py::TestServerMixin::test_toggle_server_not_running PASSED [  3%]
tests/test_mixins.py::TestServerMixin::test_open_server_api PASSED       [  4%]
tests/test_mixins.py::TestServerMixin::test_open_server_api_exception PASSED [  4%]
tests/test_mixins.py::TestTrayMixin::test_tray_show_window PASSED        [  5%]
tests/test_mixins.py::TestTrayMixin::test_tray_quit PASSED               [  6%]
tests/test_mixins.py::TestTrayMixin::test_do_close_minimize_tray_not_playing PASSED [  6%]
tests/test_mixins.py::TestTrayMixin::test_do_close_minimize_tray_playing PASSED [  7%]
tests/test_mixins.py::TestTrayMixin::test_do_close_minimize_tray_hides_docks PASSED [  8%]
tests/test_mixins.py::TestUpdateMixin::test_do_check_for_updates_async PASSED [  8%]
tests/test_mixins.py::TestUpdateMixin::test_on_update_found PASSED       [  9%]
tests/test_mixins.py::TestUpdateMixin::test_on_update_check_completed PASSED [ 10%]
tests/test_mixins.py::TestThumbnailMixin::test_on_logo_cache_loaded_delegates PASSED [ 10%]
tests/test_mixins.py::TestThumbnailMixin::test_on_thumbnail_ready_calls_update PASSED [ 11%]
tests/test_mixins.py::TestThumbnailMixin::test_on_player_thumbnail_captured_calls_update PASSED [ 12%]
tests/test_mixins.py::TestThumbnailMixin::test_update_grid_thumbnail_no_path PASSED [ 12%]
tests/test_mixins.py::TestThumbnailMixin::test_update_grid_thumbnail_with_match PASSED [ 13%]
tests/test_mixins.py::TestFileOpsMixin::test_update_recent_files_menu_empty PASSED [ 14%]
tests/test_mixins.py::TestFileOpsMixin::test_update_recent_files_menu_with_files PASSED [ 14%]
tests/test_mixins.py::TestFileOpsMixin::test_open_recent_file_delegates PASSED [ 15%]
tests/test_mixins.py::TestFileOpsMixin::test_open_playlist_delegates PASSED [ 16%]
tests/test_mixins.py::TestFileOpsMixin::test_open_stream_delegates PASSED [ 16%]
tests/test_mixins.py::TestFileOpsMixin::test_save_as_delegates PASSED    [ 17%]
tests/test_mixins.py::TestFileOpsMixin::test_show_usage_instructions_delegates PASSED [ 18%]
tests/test_mixins.py::TestFileOpsMixin::test_save_window_layout_delegates PASSED [ 18%]
tests/test_mixins.py::TestFileOpsMixin::test_create_local_video_channel PASSED [ 19%]
tests/test_mixins.py::TestFileOpsMixin::test_add_to_local_list PASSED    [ 20%]
tests/test_mixins.py::TestPanelMixin::test_toggle_playlist PASSED        [ 20%]
tests/test_mixins.py::TestPanelMixin::test_toggle_playlist_checked PASSED [ 21%]
tests/test_mixins.py::TestPanelMixin::test_toggle_floating_panel PASSED  [ 22%]
tests/test_mixins.py::TestPanelMixin::test_toggle_hide_floating_manually_hidden_restores PASSED [ 22%]
tests/test_mixins.py::TestPanelMixin::test_auto_hide_panels_not_fullscreen PASSED [ 23%]
tests/test_mixins.py::TestPanelMixin::test_auto_hide_panels_fullscreen PASSED [ 24%]
tests/test_mixins.py::TestPanelMixin::test_stop_auto_hide_timer PASSED   [ 24%]
tests/test_mixins.py::TestPanelMixin::test_stop_auto_hide_timer_no_timer PASSED [ 25%]
tests/test_mixins.py::TestPanelMixin::test_sync_panel_actions PASSED     [ 26%]
tests/test_mixins.py::TestPanelMixin::test_handle_playlist_subscription_delegates PASSED [ 26%]
tests/test_mixins.py::TestPanelMixin::test_reload_subscription PASSED    [ 27%]
tests/test_mixins.py::TestPanelMixin::test_start_subscription_timers PASSED [ 28%]
tests/test_mixins.py::TestPanelMixin::test_update_playlist_subscription PASSED [ 28%]
tests/test_mixins.py::TestPanelMixin::test_reapply_side_panel_styles PASSED [ 29%]
tests/test_mixins.py::TestPanelMixin::test_reapply_floating_panel_styles PASSED [ 30%]
tests/test_mixins.py::TestProgressMixin::test_set_progress_range PASSED  [ 30%]
tests/test_mixins.py::TestProgressMixin::test_set_progress_value PASSED  [ 31%]
tests/test_mixins.py::TestProgressMixin::test_set_progress_value_slider_down PASSED [ 32%]
tests/test_mixins.py::TestProgressMixin::test_get_progress_seconds PASSED [ 32%]
tests/test_mixins.py::TestProgressMixin::test_format_seconds_to_time PASSED [ 33%]
tests/test_mixins.py::TestProgressMixin::test_seek_vod PASSED            [ 34%]
tests/test_mixins.py::TestProgressMixin::test_seek_catchup PASSED        [ 34%]
tests/test_mixins.py::TestProgressMixin::test_on_progress_slider_pressed PASSED [ 35%]
tests/test_mixins.py::TestProgressMixin::test_start_live_timeshift_from_progress PASSED [ 36%]
tests/test_mixins.py::TestPlaybackMixin::test_toggle_play PASSED         [ 36%]
tests/test_mixins.py::TestPlaybackMixin::test_stop_playback PASSED       [ 37%]
tests/test_mixins.py::TestPlaybackMixin::test_set_volume PASSED          [ 38%]
tests/test_mixins.py::TestPlaybackMixin::test_toggle_mute PASSED         [ 38%]
tests/test_mixins.py::TestPlaybackMixin::test_show_osd_feedback PASSED   [ 39%]
tests/test_mixins.py::TestPlaybackMixin::test_play_channel PASSED        [ 40%]
tests/test_mixins.py::TestPlaybackMixin::test_play_channel_switching PASSED [ 40%]
tests/test_mixins.py::TestPlaybackMixin::test_on_play_error PASSED       [ 41%]
tests/test_mixins.py::TestPlaybackMixin::test_on_live_media_info_updated PASSED [ 42%]
tests/test_mixins.py::TestPlaybackMixin::test_update_media_info PASSED   [ 42%]
tests/test_mixins.py::TestPlaybackMixin::test_update_floating_panel_info PASSED [ 43%]
tests/test_mixins.py::TestPlaybackMixin::test_toggle_osd PASSED          [ 44%]
tests/test_mixins.py::TestEpgMixin::test_populate_epg_list PASSED        [ 44%]
tests/test_mixins.py::TestEpgMixin::test_on_epg_item_clicked PASSED      [ 45%]
tests/test_mixins.py::TestEpgMixin::test_start_catchup PASSED            [ 46%]
tests/test_mixins.py::TestEpgMixin::test_exit_catchup PASSED             [ 46%]
tests/test_mixins.py::TestEpgMixin::test_add_exit_catchup_button PASSED  [ 47%]
tests/test_mixins.py::TestEpgMixin::test_show_exit_timeshift_button PASSED [ 48%]
tests/test_mixins.py::TestEpgMixin::test_get_epg_match_params_no_channel PASSED [ 48%]
tests/test_mixins.py::TestEpgMixin::test_get_epg_match_params_with_channel PASSED [ 49%]
tests/test_mixins.py::TestEpgMixin::test_is_local_file_none PASSED       [ 50%]
tests/test_mixins.py::TestEpgMixin::test_is_local_file_http PASSED       [ 50%]
tests/test_mixins.py::TestEpgMixin::test_is_local_file_local PASSED      [ 51%]
tests/test_mixins.py::TestEpgMixin::test_is_local_file_file_protocol PASSED [ 52%]
tests/test_mixins.py::TestEpgMixin::test_update_epg_date_display PASSED  [ 52%]
tests/test_mixins_round4.py::TestChannelMixin::test_update_channel_groups PASSED [ 53%]
tests/test_mixins_round4.py::TestChannelMixin::test_on_group_changed PASSED [ 54%]
tests/test_mixins_round4.py::TestChannelMixin::test_populate_channel_list_for PASSED [ 54%]
tests/test_mixins_round4.py::TestChannelMixin::test_load_visible_icons PASSED [ 55%]
tests/test_mixins_round4.py::TestChannelMixin::test_on_sub_search_changed PASSED [ 56%]
tests/test_mixins_round4.py::TestChannelMixin::test_on_sub_channel_context_menu PASSED [ 56%]
tests/test_mixins_round4.py::TestChannelMixin::test_on_local_channel_context_menu PASSED [ 57%]
tests/test_mixins_round4.py::TestChannelMixin::test_update_channel_info_on_selection PASSED [ 58%]
tests/test_mixins_round4.py::TestChannelMixin::test_load_last_channel PASSED [ 58%]
tests/test_mixins_round4.py::TestChannelMixin::test_load_last_channel_empty PASSED [ 59%]
tests/test_mixins_round4.py::TestChannelMixin::test_select_channel_by_index_negative PASSED [ 60%]
tests/test_mixins_round4.py::TestChannelMixin::test_switch_to_previous_channel_none PASSED [ 60%]
tests/test_mixins_round4.py::TestSettingsMixin::test_set_language PASSED [ 61%]
tests/test_mixins_round4.py::TestSettingsMixin::test_set_theme PASSED    [ 62%]
tests/test_mixins_round4.py::TestSettingsMixin::test_set_color_mode PASSED [ 62%]
tests/test_mixins_round4.py::TestSettingsMixin::test_set_visual_style PASSED [ 63%]
tests/test_mixins_round4.py::TestSettingsMixin::test_show_about PASSED   [ 64%]
tests/test_mixins_round4.py::TestSettingsMixin::test_player_settings PASSED [ 64%]
tests/test_mixins_round4.py::TestSettingsMixin::test_cancel_source_timeout PASSED [ 65%]
tests/test_mixins_round4.py::TestSettingsMixin::test_cancel_source_timeout_no_timer PASSED [ 66%]
tests/test_mixins_round4.py::TestSettingsMixin::test_on_source_timeout_not_playing PASSED [ 66%]
tests/test_mixins_round4.py::TestWindowMixin::test_event_filter PASSED   [ 67%]
tests/test_mixins_round4.py::TestWindowMixin::test_update_floating_position_no_frame PASSED [ 68%]
tests/test_mixins_round4.py::TestWindowMixin::test_refresh_ui PASSED     [ 68%]
tests/test_mixins_round4.py::TestWindowMixin::test_reset_layout PASSED   [ 69%]
tests/test_mixins_round4.py::TestWindowMixin::test_show_event PASSED     [ 70%]
tests/test_mixins_round4.py::TestWindowMixin::test_change_event PASSED   [ 70%]
tests/test_mixins_round4.py::TestWindowMixin::test_move_event PASSED     [ 71%]
tests/test_mixins_round4.py::TestWindowMixin::test_resize_event PASSED   [ 72%]
tests/test_mixins_round4.py::TestWindowMixin::test_close_event_hidden_to_tray PASSED [ 72%]
tests/test_mixins_round4.py::TestWindowMixin::test_close_event_force_quit PASSED [ 73%]
tests/test_mixins_round5.py::TestControlPanelMixin::test_create_bottom_panel PASSED [ 74%]
tests/test_mixins_round5.py::TestControlPanelMixin::test_create_bottom_panel_default_show PASSED [ 74%]
tests/test_mixins_round5.py::TestControlPanelMixin::test_set_info_label_icon_no_path PASSED [ 75%]
tests/test_mixins_round5.py::TestControlPanelMixin::test_set_info_label_icon_with_pixmap PASSED [ 76%]
tests/test_mixins_round5.py::TestControlPanelMixin::test_set_info_label_icon_null_pixmap PASSED [ 76%]
tests/test_mixins_round5.py::TestControlPanelMixin::test_create_media_row_calls_info_row PASSED [ 77%]
tests/test_mixins_round5.py::TestControlPanelMixin::test_create_info_row_calls_control_row PASSED [ 78%]
tests/test_mixins_round5.py::TestControlPanelMixin::test_create_control_row_creates_buttons PASSED [ 78%]
tests/test_mixins_round5.py::TestPlaylistPanelMixin::test_create_channel_list_widget PASSED [ 79%]
tests/test_mixins_round5.py::TestPlaylistPanelMixin::test_create_channel_list_widget_with_callbacks PASSED [ 80%]
tests/test_mixins_round5.py::TestPlaylistPanelMixin::test_create_channel_search_row PASSED [ 80%]
tests/test_mixins_round5.py::TestPlaylistPanelMixin::test_switch_playlist_tab PASSED [ 81%]
tests/test_mixins_round5.py::TestPlaylistPanelMixin::test_on_playlist_tab_changed_sub PASSED [ 82%]
tests/test_mixins_round5.py::TestPlaylistPanelMixin::test_on_playlist_tab_changed_local PASSED [ 82%]
tests/test_mixins_round5.py::TestPlaylistPanelMixin::test_on_playlist_tab_changed_fav PASSED [ 83%]
tests/test_mixins_round5.py::TestPlaylistPanelMixin::test_on_playlist_tab_changed_history PASSED [ 84%]
tests/test_mixins_round5.py::TestPlaylistPanelMixin::test_on_sub_group_changed PASSED [ 84%]
tests/test_mixins_round5.py::TestPlaylistPanelMixin::test_on_local_group_changed PASSED [ 85%]
tests/test_mixins_round5.py::TestEventMixin::test_mouse_press_event_not_fullscreen PASSED [ 86%]
tests/test_mixins_round5.py::TestEventMixin::test_mouse_press_event_fullscreen PASSED [ 86%]
tests/test_mixins_round5.py::TestEventMixin::test_mouse_press_event_pip PASSED [ 87%]
tests/test_mixins_round5.py::TestEventMixin::test_drag_enter_event_accept PASSED [ 88%]
tests/test_mixins_round5.py::TestEventMixin::test_drag_enter_event_reject PASSED [ 88%]
tests/test_mixins_round5.py::TestEventMixin::test_drag_move_event_accept PASSED [ 89%]
tests/test_mixins_round5.py::TestEventMixin::test_drag_move_event_reject PASSED [ 90%]
tests/test_mixins_round5.py::TestEventMixin::test_drop_event_playlist PASSED [ 90%]
tests/test_mixins_round5.py::TestEventMixin::test_drop_event_video PASSED [ 91%]
tests/test_mixins_round5.py::TestEventMixin::test_drop_event_ignore PASSED [ 92%]
tests/test_mixins_round5.py::TestEventMixin::test_fix_win32_drag_drop_non_win32 PASSED [ 92%]
tests/test_mixins_round5.py::TestEventMixin::test_mouse_move_event PASSED [ 93%]
tests/test_mixins_round5.py::TestEventMixin::test_mouse_move_event_fullscreen PASSED [ 94%]
tests/test_mixins_round5.py::TestEventMixin::test_mouse_release_event PASSED [ 94%]
tests/test_mixins_round5.py::TestEventMixin::test_mouse_double_click_event_pip PASSED [ 95%]
tests/test_mixins_round5.py::TestEventMixin::test_wheel_event PASSED     [ 96%]
tests/test_mixins_round5.py::TestEventMixin::test_wheel_event_negative PASSED [ 96%]
tests/test_mixins_round5.py::TestEventMixin::test_wheel_event_pip PASSED [ 97%]
tests/test_mixins_round5.py::TestEventMixin::test_enter_event_normal PASSED [ 98%]
tests/test_mixins_round5.py::TestEventMixin::test_enter_event_pip PASSED [ 98%]
tests/test_mixins_round5.py::TestEventMixin::test_leave_event_normal PASSED [ 99%]
tests/test_mixins_round5.py::TestEventMixin::test_leave_event_pip PASSED [100%]

============================= 150 passed in 1.02s =============================
